// Jest Snapshot v1, https://goo.gl/fbAQLP

exports[`Product component 1`] = `
<div
  className="col-xl-4 col-lg-6 col-md-6"
>
  <div
    className="product-wrapper mb-50"
  >
    <div
      className="product-img mb-25"
    >
      <a
        href="#"
      >
        <img
          alt="Minimal Deco Furniture"
          src="./assets/pro2.jpg"
        />
        <img
          alt="Minimal Deco Furniture"
          className="secondary-img"
          src="./assets/pro3.jpg"
        />
      </a>
      <div
        className="product-action text-center"
      >
        <a
          onClick={[Function]}
          title="Shoppingb Cart"
        >
          <i
            className="fas fa-shopping-cart"
          />
        </a>
        <a
          href="#"
          title="Quick View"
        >
          <i
            className="fas fa-search"
          />
        </a>
      </div>
    </div>
    <div
      className="product-content pr-0"
    >
      <div
        className="pro-cat mb-10"
      >
        <a
          href="#"
        >
          furniture
        </a>
      </div>
      <h4>
        <a
          href="#"
        >
          Minimal Deco Furniture
        </a>
      </h4>
      <div
        className="product-meta"
      >
        <div
          className="pro-price"
        >
          <span>
            $
            119.00
             USD
          </span>
          <span
            className="old-price"
          >
            $
            230.00
             USD
          </span>
        </div>
      </div>
    </div>
  </div>
</div>
`;
